Archive member included to satisfy reference by file (symbol)

/home/a347908610/local/arm-gnu-toolchain-13.3.rel1-x86_64-arm-none-eabi/bin/../lib/gcc/arm-none-eabi/13.3.1/../../../../arm-none-eabi/lib/thumb/v7e-m/nofp/libc_nano.a(libc_a-memset.o)
                              /tmp/cccHQSOW.o (memset)
/home/a347908610/local/arm-gnu-toolchain-13.3.rel1-x86_64-arm-none-eabi/bin/../lib/gcc/arm-none-eabi/13.3.1/../../../../arm-none-eabi/lib/thumb/v7e-m/nofp/libc_nano.a(libc_a-memcpy-stub.o)
                              /tmp/cccHQSOW.o (memcpy)

Discarded input sections

 .text          0x00000000        0x0 /tmp/cccHQSOW.o
 .data          0x00000000        0x0 /tmp/cccHQSOW.o
 .bss           0x00000000        0x0 /tmp/cccHQSOW.o
 .text          0x00000000        0x0 /home/a347908610/local/arm-gnu-toolchain-13.3.rel1-x86_64-arm-none-eabi/bin/../lib/gcc/arm-none-eabi/13.3.1/../../../../arm-none-eabi/lib/thumb/v7e-m/nofp/libc_nano.a(libc_a-memset.o)
 .data          0x00000000        0x0 /home/a347908610/local/arm-gnu-toolchain-13.3.rel1-x86_64-arm-none-eabi/bin/../lib/gcc/arm-none-eabi/13.3.1/../../../../arm-none-eabi/lib/thumb/v7e-m/nofp/libc_nano.a(libc_a-memset.o)
 .bss           0x00000000        0x0 /home/a347908610/local/arm-gnu-toolchain-13.3.rel1-x86_64-arm-none-eabi/bin/../lib/gcc/arm-none-eabi/13.3.1/../../../../arm-none-eabi/lib/thumb/v7e-m/nofp/libc_nano.a(libc_a-memset.o)
 .text          0x00000000        0x0 /home/a347908610/local/arm-gnu-toolchain-13.3.rel1-x86_64-arm-none-eabi/bin/../lib/gcc/arm-none-eabi/13.3.1/../../../../arm-none-eabi/lib/thumb/v7e-m/nofp/libc_nano.a(libc_a-memcpy-stub.o)
 .data          0x00000000        0x0 /home/a347908610/local/arm-gnu-toolchain-13.3.rel1-x86_64-arm-none-eabi/bin/../lib/gcc/arm-none-eabi/13.3.1/../../../../arm-none-eabi/lib/thumb/v7e-m/nofp/libc_nano.a(libc_a-memcpy-stub.o)
 .bss           0x00000000        0x0 /home/a347908610/local/arm-gnu-toolchain-13.3.rel1-x86_64-arm-none-eabi/bin/../lib/gcc/arm-none-eabi/13.3.1/../../../../arm-none-eabi/lib/thumb/v7e-m/nofp/libc_nano.a(libc_a-memcpy-stub.o)

Memory Configuration

Name             Origin             Length             Attributes
FLASH            0x08000000         0x00010000         xr
RAM              0x20000000         0x00005000         xrw
*default*        0x00000000         0xffffffff

Linker script and memory map

LOAD /tmp/cccHQSOW.o
LOAD /home/a347908610/local/arm-gnu-toolchain-13.3.rel1-x86_64-arm-none-eabi/bin/../lib/gcc/arm-none-eabi/13.3.1/../../../../arm-none-eabi/lib/thumb/v7e-m/nofp/libc_nano.a
LOAD /home/a347908610/local/arm-gnu-toolchain-13.3.rel1-x86_64-arm-none-eabi/bin/../lib/gcc/arm-none-eabi/13.3.1/thumb/v7e-m/nofp/libgcc.a
START GROUP
LOAD /home/a347908610/local/arm-gnu-toolchain-13.3.rel1-x86_64-arm-none-eabi/bin/../lib/gcc/arm-none-eabi/13.3.1/thumb/v7e-m/nofp/libgcc.a
LOAD /home/a347908610/local/arm-gnu-toolchain-13.3.rel1-x86_64-arm-none-eabi/bin/../lib/gcc/arm-none-eabi/13.3.1/../../../../arm-none-eabi/lib/thumb/v7e-m/nofp/libg_nano.a
LOAD /home/a347908610/local/arm-gnu-toolchain-13.3.rel1-x86_64-arm-none-eabi/bin/../lib/gcc/arm-none-eabi/13.3.1/../../../../arm-none-eabi/lib/thumb/v7e-m/nofp/libc_nano.a
END GROUP
START GROUP
LOAD /home/a347908610/local/arm-gnu-toolchain-13.3.rel1-x86_64-arm-none-eabi/bin/../lib/gcc/arm-none-eabi/13.3.1/thumb/v7e-m/nofp/libgcc.a
LOAD /home/a347908610/local/arm-gnu-toolchain-13.3.rel1-x86_64-arm-none-eabi/bin/../lib/gcc/arm-none-eabi/13.3.1/../../../../arm-none-eabi/lib/thumb/v7e-m/nofp/libc_nano.a
LOAD /home/a347908610/local/arm-gnu-toolchain-13.3.rel1-x86_64-arm-none-eabi/bin/../lib/gcc/arm-none-eabi/13.3.1/../../../../arm-none-eabi/lib/thumb/v7e-m/nofp/libnosys.a
END GROUP
START GROUP
LOAD /home/a347908610/local/arm-gnu-toolchain-13.3.rel1-x86_64-arm-none-eabi/bin/../lib/gcc/arm-none-eabi/13.3.1/thumb/v7e-m/nofp/libgcc.a
LOAD /home/a347908610/local/arm-gnu-toolchain-13.3.rel1-x86_64-arm-none-eabi/bin/../lib/gcc/arm-none-eabi/13.3.1/../../../../arm-none-eabi/lib/thumb/v7e-m/nofp/libc_nano.a
LOAD /home/a347908610/local/arm-gnu-toolchain-13.3.rel1-x86_64-arm-none-eabi/bin/../lib/gcc/arm-none-eabi/13.3.1/../../../../arm-none-eabi/lib/thumb/v7e-m/nofp/libnosys.a
END GROUP
                0x20005000                        _estack = (ORIGIN (RAM) + LENGTH (RAM))

.isr_vector     0x08000000       0x40
 *(.isr_vector)
 .isr_vector    0x08000000       0x40 /tmp/cccHQSOW.o
                0x08000000                vector_table

.text           0x08000040      0x1ba
 *(.text*)
 .text.ETH_ReadFrame
                0x08000040       0x40 /tmp/cccHQSOW.o
 .text.prvSkipNameField
                0x08000080       0x1e /tmp/cccHQSOW.o
 .text.Default_Handler
                0x0800009e        0x2 /tmp/cccHQSOW.o
                0x0800009e                Default_Handler
 .text.prvParseDNSReply
                0x080000a0       0x7c /tmp/cccHQSOW.o
 .text.prvProcessIPPacket
                0x0800011c       0x5c /tmp/cccHQSOW.o
 .text.prvIPTask
                0x08000178       0x2c /tmp/cccHQSOW.o
 .text.main     0x080001a4       0x24 /tmp/cccHQSOW.o
                0x080001a4                main
 .text.Reset_Handler
                0x080001c8        0x6 /tmp/cccHQSOW.o
                0x080001c8                Reset_Handler
 .text.memset   0x080001ce       0x10 /home/a347908610/local/arm-gnu-toolchain-13.3.rel1-x86_64-arm-none-eabi/bin/../lib/gcc/arm-none-eabi/13.3.1/../../../../arm-none-eabi/lib/thumb/v7e-m/nofp/libc_nano.a(libc_a-memset.o)
                0x080001ce                memset
 .text.memcpy   0x080001de       0x1c /home/a347908610/local/arm-gnu-toolchain-13.3.rel1-x86_64-arm-none-eabi/bin/../lib/gcc/arm-none-eabi/13.3.1/../../../../arm-none-eabi/lib/thumb/v7e-m/nofp/libc_nano.a(libc_a-memcpy-stub.o)
                0x080001de                memcpy
 *(.rodata*)

.glue_7         0x080001fc        0x0
 .glue_7        0x080001fc        0x0 linker stubs

.glue_7t        0x080001fc        0x0
 .glue_7t       0x080001fc        0x0 linker stubs

.vfp11_veneer   0x080001fc        0x0
 .vfp11_veneer  0x080001fc        0x0 linker stubs

.v4_bx          0x080001fc        0x0
 .v4_bx         0x080001fc        0x0 linker stubs

.iplt           0x080001fc        0x0
 .iplt          0x080001fc        0x0 /tmp/cccHQSOW.o

.rel.dyn        0x080001fc        0x0
 .rel.iplt      0x080001fc        0x0 /tmp/cccHQSOW.o

.ARM.extab
 *(.ARM.extab*)

.ARM.exidx
 *(.ARM.exidx*)
                0x080001fa                        _sidata = .

.data           0x20000000        0x0 load address 0x080001fa
                0x20000000                        _sdata = .
 *(.data*)
                0x20000000                        _edata = .

.igot.plt       0x20000000        0x0
 .igot.plt      0x20000000        0x0 /tmp/cccHQSOW.o

.bss            0x20000000      0x610
                0x20000000                        _sbss = .
 *(.bss*)
 .bss.g_net_buf
                0x20000000       0x10 /tmp/cccHQSOW.o
 .bss.g_rx_buffer
                0x20000010      0x600 /tmp/cccHQSOW.o
 *(COMMON)
                0x20000610                        _ebss = .
                0x20005000                        PROVIDE (__stack_top__ = _estack)
                [!provide]                        PROVIDE (end = _ebss)
                [!provide]                        PROVIDE (_end = _ebss)
OUTPUT(cve_2018_16525_freertos_dns.elf elf32-littlearm)
LOAD linker stubs

.debug_info     0x00000000      0x83e
 .debug_info    0x00000000      0x83e /tmp/cccHQSOW.o

.debug_abbrev   0x00000000      0x2b4
 .debug_abbrev  0x00000000      0x2b4 /tmp/cccHQSOW.o

.debug_loc      0x00000000      0x55f
 .debug_loc     0x00000000      0x55f /tmp/cccHQSOW.o

.debug_aranges  0x00000000       0x58
 .debug_aranges
                0x00000000       0x58 /tmp/cccHQSOW.o

.debug_ranges   0x00000000       0xa8
 .debug_ranges  0x00000000       0xa8 /tmp/cccHQSOW.o

.debug_line     0x00000000      0x561
 .debug_line    0x00000000      0x561 /tmp/cccHQSOW.o

.debug_str      0x00000000      0x4fd
 .debug_str     0x00000000      0x4fd /tmp/cccHQSOW.o
                                0x550 (size before relaxing)

.comment        0x00000000       0x45
 .comment       0x00000000       0x45 /tmp/cccHQSOW.o
                                 0x46 (size before relaxing)

.ARM.attributes
                0x00000000       0x2e
 .ARM.attributes
                0x00000000       0x2e /tmp/cccHQSOW.o
 .ARM.attributes
                0x0000002e       0x2e /home/a347908610/local/arm-gnu-toolchain-13.3.rel1-x86_64-arm-none-eabi/bin/../lib/gcc/arm-none-eabi/13.3.1/../../../../arm-none-eabi/lib/thumb/v7e-m/nofp/libc_nano.a(libc_a-memset.o)
 .ARM.attributes
                0x0000005c       0x2e /home/a347908610/local/arm-gnu-toolchain-13.3.rel1-x86_64-arm-none-eabi/bin/../lib/gcc/arm-none-eabi/13.3.1/../../../../arm-none-eabi/lib/thumb/v7e-m/nofp/libc_nano.a(libc_a-memcpy-stub.o)

.debug_frame    0x00000000      0x12c
 .debug_frame   0x00000000       0xe4 /tmp/cccHQSOW.o
 .debug_frame   0x000000e4       0x20 /home/a347908610/local/arm-gnu-toolchain-13.3.rel1-x86_64-arm-none-eabi/bin/../lib/gcc/arm-none-eabi/13.3.1/../../../../arm-none-eabi/lib/thumb/v7e-m/nofp/libc_nano.a(libc_a-memset.o)
 .debug_frame   0x00000104       0x28 /home/a347908610/local/arm-gnu-toolchain-13.3.rel1-x86_64-arm-none-eabi/bin/../lib/gcc/arm-none-eabi/13.3.1/../../../../arm-none-eabi/lib/thumb/v7e-m/nofp/libc_nano.a(libc_a-memcpy-stub.o)
