Archive member included to satisfy reference by file (symbol)

/home/a347908610/local/arm-gnu-toolchain-13.3.rel1-x86_64-arm-none-eabi/bin/../lib/gcc/arm-none-eabi/13.3.1/../../../../arm-none-eabi/lib/thumb/v7e-m/nofp/libc_nano.a(libc_a-memset.o)
                              /tmp/ccU3ad6f.o (memset)

Discarded input sections

 .text          0x00000000        0x0 /tmp/ccU3ad6f.o
 .data          0x00000000        0x0 /tmp/ccU3ad6f.o
 .bss           0x00000000        0x0 /tmp/ccU3ad6f.o
 .text          0x00000000        0x0 /home/a347908610/local/arm-gnu-toolchain-13.3.rel1-x86_64-arm-none-eabi/bin/../lib/gcc/arm-none-eabi/13.3.1/../../../../arm-none-eabi/lib/thumb/v7e-m/nofp/libc_nano.a(libc_a-memset.o)
 .data          0x00000000        0x0 /home/a347908610/local/arm-gnu-toolchain-13.3.rel1-x86_64-arm-none-eabi/bin/../lib/gcc/arm-none-eabi/13.3.1/../../../../arm-none-eabi/lib/thumb/v7e-m/nofp/libc_nano.a(libc_a-memset.o)
 .bss           0x00000000        0x0 /home/a347908610/local/arm-gnu-toolchain-13.3.rel1-x86_64-arm-none-eabi/bin/../lib/gcc/arm-none-eabi/13.3.1/../../../../arm-none-eabi/lib/thumb/v7e-m/nofp/libc_nano.a(libc_a-memset.o)

Memory Configuration

Name             Origin             Length             Attributes
FLASH            0x08000000         0x00010000         xr
RAM              0x20000000         0x00005000         xrw
*default*        0x00000000         0xffffffff

Linker script and memory map

LOAD /tmp/ccU3ad6f.o
LOAD /home/a347908610/local/arm-gnu-toolchain-13.3.rel1-x86_64-arm-none-eabi/bin/../lib/gcc/arm-none-eabi/13.3.1/../../../../arm-none-eabi/lib/thumb/v7e-m/nofp/libc_nano.a
LOAD /home/a347908610/local/arm-gnu-toolchain-13.3.rel1-x86_64-arm-none-eabi/bin/../lib/gcc/arm-none-eabi/13.3.1/thumb/v7e-m/nofp/libgcc.a
START GROUP
LOAD /home/a347908610/local/arm-gnu-toolchain-13.3.rel1-x86_64-arm-none-eabi/bin/../lib/gcc/arm-none-eabi/13.3.1/thumb/v7e-m/nofp/libgcc.a
LOAD /home/a347908610/local/arm-gnu-toolchain-13.3.rel1-x86_64-arm-none-eabi/bin/../lib/gcc/arm-none-eabi/13.3.1/../../../../arm-none-eabi/lib/thumb/v7e-m/nofp/libg_nano.a
LOAD /home/a347908610/local/arm-gnu-toolchain-13.3.rel1-x86_64-arm-none-eabi/bin/../lib/gcc/arm-none-eabi/13.3.1/../../../../arm-none-eabi/lib/thumb/v7e-m/nofp/libc_nano.a
END GROUP
START GROUP
LOAD /home/a347908610/local/arm-gnu-toolchain-13.3.rel1-x86_64-arm-none-eabi/bin/../lib/gcc/arm-none-eabi/13.3.1/thumb/v7e-m/nofp/libgcc.a
LOAD /home/a347908610/local/arm-gnu-toolchain-13.3.rel1-x86_64-arm-none-eabi/bin/../lib/gcc/arm-none-eabi/13.3.1/../../../../arm-none-eabi/lib/thumb/v7e-m/nofp/libc_nano.a
LOAD /home/a347908610/local/arm-gnu-toolchain-13.3.rel1-x86_64-arm-none-eabi/bin/../lib/gcc/arm-none-eabi/13.3.1/../../../../arm-none-eabi/lib/thumb/v7e-m/nofp/libnosys.a
END GROUP
START GROUP
LOAD /home/a347908610/local/arm-gnu-toolchain-13.3.rel1-x86_64-arm-none-eabi/bin/../lib/gcc/arm-none-eabi/13.3.1/thumb/v7e-m/nofp/libgcc.a
LOAD /home/a347908610/local/arm-gnu-toolchain-13.3.rel1-x86_64-arm-none-eabi/bin/../lib/gcc/arm-none-eabi/13.3.1/../../../../arm-none-eabi/lib/thumb/v7e-m/nofp/libc_nano.a
LOAD /home/a347908610/local/arm-gnu-toolchain-13.3.rel1-x86_64-arm-none-eabi/bin/../lib/gcc/arm-none-eabi/13.3.1/../../../../arm-none-eabi/lib/thumb/v7e-m/nofp/libnosys.a
END GROUP
                0x20005000                        _estack = (ORIGIN (RAM) + LENGTH (RAM))

.isr_vector     0x08000000       0x40
 *(.isr_vector)
 .isr_vector    0x08000000       0x40 /tmp/ccU3ad6f.o
                0x08000000                vector_table

.text           0x08000040      0x1b4
 *(.text*)
 .text.USB_ReadPacket
                0x08000040       0x24 /tmp/ccU3ad6f.o
 .text.USBH_GetNextDesc
                0x08000064        0xe /tmp/ccU3ad6f.o
 .text.USBH_ParseEPDesc
                0x08000072       0x20 /tmp/ccU3ad6f.o
 .text.USBH_ParseInterfaceDesc
                0x08000092       0x26 /tmp/ccU3ad6f.o
 .text.USBH_ParseCfgDesc
                0x080000b8       0xb8 /tmp/ccU3ad6f.o
 .text.USBH_Get_CfgDesc
                0x08000170       0x28 /tmp/ccU3ad6f.o
 .text.USBH_Process_Enumeration
                0x08000198       0x20 /tmp/ccU3ad6f.o
 .text.Default_Handler
                0x080001b8        0x2 /tmp/ccU3ad6f.o
                0x080001b8                Default_Handler
 *fill*         0x080001ba        0x2 
 .text.main     0x080001bc       0x20 /tmp/ccU3ad6f.o
                0x080001bc                main
 .text.Reset_Handler
                0x080001dc        0x8 /tmp/ccU3ad6f.o
                0x080001dc                Reset_Handler
 .text.memset   0x080001e4       0x10 /home/a347908610/local/arm-gnu-toolchain-13.3.rel1-x86_64-arm-none-eabi/bin/../lib/gcc/arm-none-eabi/13.3.1/../../../../arm-none-eabi/lib/thumb/v7e-m/nofp/libc_nano.a(libc_a-memset.o)
                0x080001e4                memset
 *(.rodata*)

.glue_7         0x080001f4        0x0
 .glue_7        0x080001f4        0x0 linker stubs

.glue_7t        0x080001f4        0x0
 .glue_7t       0x080001f4        0x0 linker stubs

.vfp11_veneer   0x080001f4        0x0
 .vfp11_veneer  0x080001f4        0x0 linker stubs

.v4_bx          0x080001f4        0x0
 .v4_bx         0x080001f4        0x0 linker stubs

.iplt           0x080001f4        0x0
 .iplt          0x080001f4        0x0 /tmp/ccU3ad6f.o

.rel.dyn        0x080001f4        0x0
 .rel.iplt      0x080001f4        0x0 /tmp/ccU3ad6f.o

.ARM.extab
 *(.ARM.extab*)

.ARM.exidx
 *(.ARM.exidx*)
                0x080001f4                        _sidata = .

.data           0x20000000        0x0 load address 0x080001f4
                0x20000000                        _sdata = .
 *(.data*)
                0x20000000                        _edata = .

.igot.plt       0x20000000        0x0
 .igot.plt      0x20000000        0x0 /tmp/ccU3ad6f.o

.bss            0x20000000      0x24a
                0x20000000                        _sbss = .
 *(.bss*)
 .bss.g_usbh_host
                0x20000000      0x24a /tmp/ccU3ad6f.o
 *(COMMON)
                0x2000024a                        _ebss = .
                0x20005000                        PROVIDE (__stack_top__ = _estack)
                [!provide]                        PROVIDE (end = _ebss)
                [!provide]                        PROVIDE (_end = _ebss)
OUTPUT(cve_2021_34259_usb_host.elf elf32-littlearm)
LOAD linker stubs

.debug_info     0x00000000      0x853
 .debug_info    0x00000000      0x853 /tmp/ccU3ad6f.o

.debug_abbrev   0x00000000      0x297
 .debug_abbrev  0x00000000      0x297 /tmp/ccU3ad6f.o

.debug_loc      0x00000000      0x3da
 .debug_loc     0x00000000      0x3da /tmp/ccU3ad6f.o

.debug_aranges  0x00000000       0x68
 .debug_aranges
                0x00000000       0x68 /tmp/ccU3ad6f.o

.debug_ranges   0x00000000       0x58
 .debug_ranges  0x00000000       0x58 /tmp/ccU3ad6f.o

.debug_line     0x00000000      0x4c1
 .debug_line    0x00000000      0x4c1 /tmp/ccU3ad6f.o

.debug_str      0x00000000      0x4fe
 .debug_str     0x00000000      0x4fe /tmp/ccU3ad6f.o
                                0x559 (size before relaxing)

.comment        0x00000000       0x45
 .comment       0x00000000       0x45 /tmp/ccU3ad6f.o
                                 0x46 (size before relaxing)

.ARM.attributes
                0x00000000       0x2e
 .ARM.attributes
                0x00000000       0x2e /tmp/ccU3ad6f.o
 .ARM.attributes
                0x0000002e       0x2e /home/a347908610/local/arm-gnu-toolchain-13.3.rel1-x86_64-arm-none-eabi/bin/../lib/gcc/arm-none-eabi/13.3.1/../../../../arm-none-eabi/lib/thumb/v7e-m/nofp/libc_nano.a(libc_a-memset.o)

.debug_frame    0x00000000      0x10c
 .debug_frame   0x00000000       0xec /tmp/ccU3ad6f.o
 .debug_frame   0x000000ec       0x20 /home/a347908610/local/arm-gnu-toolchain-13.3.rel1-x86_64-arm-none-eabi/bin/../lib/gcc/arm-none-eabi/13.3.1/../../../../arm-none-eabi/lib/thumb/v7e-m/nofp/libc_nano.a(libc_a-memset.o)
