
Discarded input sections

 .text          0x00000000        0x0 /tmp/ccQ34yFF.o
 .data          0x00000000        0x0 /tmp/ccQ34yFF.o
 .bss           0x00000000        0x0 /tmp/ccQ34yFF.o

Memory Configuration

Name             Origin             Length             Attributes
FLASH            0x08000000         0x00010000         xr
RAM              0x20000000         0x00005000         xrw
*default*        0x00000000         0xffffffff

Linker script and memory map

LOAD /tmp/ccQ34yFF.o
LOAD /home/a347908610/local/arm-gnu-toolchain-13.3.rel1-x86_64-arm-none-eabi/bin/../lib/gcc/arm-none-eabi/13.3.1/../../../../arm-none-eabi/lib/thumb/v7e-m/nofp/libc_nano.a
LOAD /home/a347908610/local/arm-gnu-toolchain-13.3.rel1-x86_64-arm-none-eabi/bin/../lib/gcc/arm-none-eabi/13.3.1/thumb/v7e-m/nofp/libgcc.a
START GROUP
LOAD /home/a347908610/local/arm-gnu-toolchain-13.3.rel1-x86_64-arm-none-eabi/bin/../lib/gcc/arm-none-eabi/13.3.1/thumb/v7e-m/nofp/libgcc.a
LOAD /home/a347908610/local/arm-gnu-toolchain-13.3.rel1-x86_64-arm-none-eabi/bin/../lib/gcc/arm-none-eabi/13.3.1/../../../../arm-none-eabi/lib/thumb/v7e-m/nofp/libg_nano.a
LOAD /home/a347908610/local/arm-gnu-toolchain-13.3.rel1-x86_64-arm-none-eabi/bin/../lib/gcc/arm-none-eabi/13.3.1/../../../../arm-none-eabi/lib/thumb/v7e-m/nofp/libc_nano.a
END GROUP
START GROUP
LOAD /home/a347908610/local/arm-gnu-toolchain-13.3.rel1-x86_64-arm-none-eabi/bin/../lib/gcc/arm-none-eabi/13.3.1/thumb/v7e-m/nofp/libgcc.a
LOAD /home/a347908610/local/arm-gnu-toolchain-13.3.rel1-x86_64-arm-none-eabi/bin/../lib/gcc/arm-none-eabi/13.3.1/../../../../arm-none-eabi/lib/thumb/v7e-m/nofp/libc_nano.a
LOAD /home/a347908610/local/arm-gnu-toolchain-13.3.rel1-x86_64-arm-none-eabi/bin/../lib/gcc/arm-none-eabi/13.3.1/../../../../arm-none-eabi/lib/thumb/v7e-m/nofp/libnosys.a
END GROUP
START GROUP
LOAD /home/a347908610/local/arm-gnu-toolchain-13.3.rel1-x86_64-arm-none-eabi/bin/../lib/gcc/arm-none-eabi/13.3.1/thumb/v7e-m/nofp/libgcc.a
LOAD /home/a347908610/local/arm-gnu-toolchain-13.3.rel1-x86_64-arm-none-eabi/bin/../lib/gcc/arm-none-eabi/13.3.1/../../../../arm-none-eabi/lib/thumb/v7e-m/nofp/libc_nano.a
LOAD /home/a347908610/local/arm-gnu-toolchain-13.3.rel1-x86_64-arm-none-eabi/bin/../lib/gcc/arm-none-eabi/13.3.1/../../../../arm-none-eabi/lib/thumb/v7e-m/nofp/libnosys.a
END GROUP
                0x20005000                        _estack = (ORIGIN (RAM) + LENGTH (RAM))

.isr_vector     0x08000000       0x40
 *(.isr_vector)
 .isr_vector    0x08000000       0x40 /tmp/ccQ34yFF.o
                0x08000000                vector_table

.text           0x08000040       0x80
 *(.text*)
 .text.cmd_start
                0x08000040        0xc /tmp/ccQ34yFF.o
                0x08000040                cmd_start
 .text.cmd_stop
                0x0800004c        0xc /tmp/ccQ34yFF.o
                0x0800004c                cmd_stop
 .text.cmd_reset
                0x08000058        0xc /tmp/ccQ34yFF.o
                0x08000058                cmd_reset
 .text.cmd_status
                0x08000064        0xc /tmp/ccQ34yFF.o
                0x08000064                cmd_status
 .text.Default_Handler
                0x08000070        0x2 /tmp/ccQ34yFF.o
                0x08000070                Default_Handler
 *fill*         0x08000072        0x2 
 .text.uart_read_byte
                0x08000074       0x18 /tmp/ccQ34yFF.o
                0x08000074                uart_read_byte
 .text.dispatch_command
                0x0800008c       0x10 /tmp/ccQ34yFF.o
                0x0800008c                dispatch_command
 .text.main     0x0800009c        0xc /tmp/ccQ34yFF.o
                0x0800009c                main
 .text.Reset_Handler
                0x080000a8        0x6 /tmp/ccQ34yFF.o
                0x080000a8                Reset_Handler
 *(.rodata*)
 *fill*         0x080000ae        0x2 
 .rodata.cmd_table
                0x080000b0       0x10 /tmp/ccQ34yFF.o
                0x080000b0                cmd_table

.glue_7         0x080000c0        0x0
 .glue_7        0x080000c0        0x0 linker stubs

.glue_7t        0x080000c0        0x0
 .glue_7t       0x080000c0        0x0 linker stubs

.vfp11_veneer   0x080000c0        0x0
 .vfp11_veneer  0x080000c0        0x0 linker stubs

.v4_bx          0x080000c0        0x0
 .v4_bx         0x080000c0        0x0 linker stubs

.iplt           0x080000c0        0x0
 .iplt          0x080000c0        0x0 /tmp/ccQ34yFF.o

.rel.dyn        0x080000c0        0x0
 .rel.iplt      0x080000c0        0x0 /tmp/ccQ34yFF.o

.ARM.extab
 *(.ARM.extab*)

.ARM.exidx
 *(.ARM.exidx*)
                0x080000c0                        _sidata = .

.data           0x20000000        0x0 load address 0x080000c0
                0x20000000                        _sdata = .
 *(.data*)
                0x20000000                        _edata = .

.igot.plt       0x20000000        0x0
 .igot.plt      0x20000000        0x0 /tmp/ccQ34yFF.o

.bss            0x20000000        0x4
                0x20000000                        _sbss = .
 *(.bss*)
 .bss.g_state   0x20000000        0x4 /tmp/ccQ34yFF.o
                0x20000000                g_state
 *(COMMON)
                0x20000004                        _ebss = .
                0x20005000                        PROVIDE (__stack_top__ = _estack)
                [!provide]                        PROVIDE (end = _ebss)
                [!provide]                        PROVIDE (_end = _ebss)
OUTPUT(t0_func_ptr_dispatch.elf elf32-littlearm)
LOAD linker stubs

.debug_info     0x00000000      0x252
 .debug_info    0x00000000      0x252 /tmp/ccQ34yFF.o

.debug_abbrev   0x00000000      0x15b
 .debug_abbrev  0x00000000      0x15b /tmp/ccQ34yFF.o

.debug_loc      0x00000000       0x81
 .debug_loc     0x00000000       0x81 /tmp/ccQ34yFF.o

.debug_aranges  0x00000000       0x60
 .debug_aranges
                0x00000000       0x60 /tmp/ccQ34yFF.o

.debug_ranges   0x00000000       0x50
 .debug_ranges  0x00000000       0x50 /tmp/ccQ34yFF.o

.debug_line     0x00000000      0x24c
 .debug_line    0x00000000      0x24c /tmp/ccQ34yFF.o

.debug_str      0x00000000      0x1fe
 .debug_str     0x00000000      0x1fe /tmp/ccQ34yFF.o
                                0x243 (size before relaxing)

.comment        0x00000000       0x45
 .comment       0x00000000       0x45 /tmp/ccQ34yFF.o
                                 0x46 (size before relaxing)

.ARM.attributes
                0x00000000       0x2e
 .ARM.attributes
                0x00000000       0x2e /tmp/ccQ34yFF.o

.debug_frame    0x00000000       0xb8
 .debug_frame   0x00000000       0xb8 /tmp/ccQ34yFF.o
