
Discarded input sections

 .text          0x00000000        0x0 /tmp/ccViAkHB.o
 .data          0x00000000        0x0 /tmp/ccViAkHB.o
 .bss           0x00000000        0x0 /tmp/ccViAkHB.o

Memory Configuration

Name             Origin             Length             Attributes
FLASH            0x08000000         0x00010000         xr
RAM              0x20000000         0x00005000         xrw
*default*        0x00000000         0xffffffff

Linker script and memory map

LOAD /tmp/ccViAkHB.o
LOAD /home/a347908610/local/arm-gnu-toolchain-13.3.rel1-x86_64-arm-none-eabi/bin/../lib/gcc/arm-none-eabi/13.3.1/../../../../arm-none-eabi/lib/thumb/v7e-m/nofp/libc_nano.a
LOAD /home/a347908610/local/arm-gnu-toolchain-13.3.rel1-x86_64-arm-none-eabi/bin/../lib/gcc/arm-none-eabi/13.3.1/thumb/v7e-m/nofp/libgcc.a
START GROUP
LOAD /home/a347908610/local/arm-gnu-toolchain-13.3.rel1-x86_64-arm-none-eabi/bin/../lib/gcc/arm-none-eabi/13.3.1/thumb/v7e-m/nofp/libgcc.a
LOAD /home/a347908610/local/arm-gnu-toolchain-13.3.rel1-x86_64-arm-none-eabi/bin/../lib/gcc/arm-none-eabi/13.3.1/../../../../arm-none-eabi/lib/thumb/v7e-m/nofp/libg_nano.a
LOAD /home/a347908610/local/arm-gnu-toolchain-13.3.rel1-x86_64-arm-none-eabi/bin/../lib/gcc/arm-none-eabi/13.3.1/../../../../arm-none-eabi/lib/thumb/v7e-m/nofp/libc_nano.a
END GROUP
START GROUP
LOAD /home/a347908610/local/arm-gnu-toolchain-13.3.rel1-x86_64-arm-none-eabi/bin/../lib/gcc/arm-none-eabi/13.3.1/thumb/v7e-m/nofp/libgcc.a
LOAD /home/a347908610/local/arm-gnu-toolchain-13.3.rel1-x86_64-arm-none-eabi/bin/../lib/gcc/arm-none-eabi/13.3.1/../../../../arm-none-eabi/lib/thumb/v7e-m/nofp/libc_nano.a
LOAD /home/a347908610/local/arm-gnu-toolchain-13.3.rel1-x86_64-arm-none-eabi/bin/../lib/gcc/arm-none-eabi/13.3.1/../../../../arm-none-eabi/lib/thumb/v7e-m/nofp/libnosys.a
END GROUP
START GROUP
LOAD /home/a347908610/local/arm-gnu-toolchain-13.3.rel1-x86_64-arm-none-eabi/bin/../lib/gcc/arm-none-eabi/13.3.1/thumb/v7e-m/nofp/libgcc.a
LOAD /home/a347908610/local/arm-gnu-toolchain-13.3.rel1-x86_64-arm-none-eabi/bin/../lib/gcc/arm-none-eabi/13.3.1/../../../../arm-none-eabi/lib/thumb/v7e-m/nofp/libc_nano.a
LOAD /home/a347908610/local/arm-gnu-toolchain-13.3.rel1-x86_64-arm-none-eabi/bin/../lib/gcc/arm-none-eabi/13.3.1/../../../../arm-none-eabi/lib/thumb/v7e-m/nofp/libnosys.a
END GROUP
                0x20005000                        _estack = (ORIGIN (RAM) + LENGTH (RAM))

.isr_vector     0x08000000      0x100
 *(.isr_vector)
 .isr_vector    0x08000000      0x100 /tmp/ccViAkHB.o
                0x08000000                vector_table

.text           0x08000100       0x4a
 *(.text*)
 .text.USART1_IRQHandler
                0x08000100       0x20 /tmp/ccViAkHB.o
                0x08000100                USART1_IRQHandler
 .text.Default_Handler
                0x08000120        0x2 /tmp/ccViAkHB.o
                0x08000120                Default_Handler
 *fill*         0x08000122        0x2 
 .text.main     0x08000124       0x20 /tmp/ccViAkHB.o
                0x08000124                main
 .text.Reset_Handler
                0x08000144        0x6 /tmp/ccViAkHB.o
                0x08000144                Reset_Handler
 *(.rodata*)

.glue_7         0x0800014c        0x0
 .glue_7        0x0800014c        0x0 linker stubs

.glue_7t        0x0800014c        0x0
 .glue_7t       0x0800014c        0x0 linker stubs

.vfp11_veneer   0x0800014c        0x0
 .vfp11_veneer  0x0800014c        0x0 linker stubs

.v4_bx          0x0800014c        0x0
 .v4_bx         0x0800014c        0x0 linker stubs

.iplt           0x0800014c        0x0
 .iplt          0x0800014c        0x0 /tmp/ccViAkHB.o

.rel.dyn        0x0800014c        0x0
 .rel.iplt      0x0800014c        0x0 /tmp/ccViAkHB.o

.ARM.extab
 *(.ARM.extab*)

.ARM.exidx
 *(.ARM.exidx*)
                0x0800014a                        _sidata = .

.data           0x20000000        0x0 load address 0x0800014a
                0x20000000                        _sdata = .
 *(.data*)
                0x20000000                        _edata = .

.igot.plt       0x20000000        0x0
 .igot.plt      0x20000000        0x0 /tmp/ccViAkHB.o

.bss            0x20000000        0x1
                0x20000000                        _sbss = .
 *(.bss*)
 .bss.g_last_byte
                0x20000000        0x1 /tmp/ccViAkHB.o
                0x20000000                g_last_byte
 *(COMMON)
                0x20000001                        _ebss = .
                0x20005000                        PROVIDE (__stack_top__ = _estack)
                [!provide]                        PROVIDE (end = _ebss)
                [!provide]                        PROVIDE (_end = _ebss)
OUTPUT(t0_isr_mmio_read.elf elf32-littlearm)
LOAD linker stubs

.debug_info     0x00000000      0x13b
 .debug_info    0x00000000      0x13b /tmp/ccViAkHB.o

.debug_abbrev   0x00000000       0xd5
 .debug_abbrev  0x00000000       0xd5 /tmp/ccViAkHB.o

.debug_aranges  0x00000000       0x38
 .debug_aranges
                0x00000000       0x38 /tmp/ccViAkHB.o

.debug_ranges   0x00000000       0x28
 .debug_ranges  0x00000000       0x28 /tmp/ccViAkHB.o

.debug_line     0x00000000      0x1a9
 .debug_line    0x00000000      0x1a9 /tmp/ccViAkHB.o

.debug_str      0x00000000      0x1a1
 .debug_str     0x00000000      0x1a1 /tmp/ccViAkHB.o
                                0x1e6 (size before relaxing)

.comment        0x00000000       0x45
 .comment       0x00000000       0x45 /tmp/ccViAkHB.o
                                 0x46 (size before relaxing)

.ARM.attributes
                0x00000000       0x2e
 .ARM.attributes
                0x00000000       0x2e /tmp/ccViAkHB.o

.debug_frame    0x00000000       0x58
 .debug_frame   0x00000000       0x58 /tmp/ccViAkHB.o
