Archive member included to satisfy reference by file (symbol)

/home/a347908610/local/arm-gnu-toolchain-13.3.rel1-x86_64-arm-none-eabi/bin/../lib/gcc/arm-none-eabi/13.3.1/../../../../arm-none-eabi/lib/thumb/v7e-m/nofp/libc_nano.a(libc_a-memcpy-stub.o)
                              /tmp/ccwkfC8J.o (memcpy)

Discarded input sections

 .text          0x00000000        0x0 /tmp/ccwkfC8J.o
 .data          0x00000000        0x0 /tmp/ccwkfC8J.o
 .bss           0x00000000        0x0 /tmp/ccwkfC8J.o
 .text.read_header
                0x00000000        0x8 /tmp/ccwkfC8J.o
 .text.main     0x00000000        0xa /tmp/ccwkfC8J.o
 .text          0x00000000        0x0 /home/a347908610/local/arm-gnu-toolchain-13.3.rel1-x86_64-arm-none-eabi/bin/../lib/gcc/arm-none-eabi/13.3.1/../../../../arm-none-eabi/lib/thumb/v7e-m/nofp/libc_nano.a(libc_a-memcpy-stub.o)
 .data          0x00000000        0x0 /home/a347908610/local/arm-gnu-toolchain-13.3.rel1-x86_64-arm-none-eabi/bin/../lib/gcc/arm-none-eabi/13.3.1/../../../../arm-none-eabi/lib/thumb/v7e-m/nofp/libc_nano.a(libc_a-memcpy-stub.o)
 .bss           0x00000000        0x0 /home/a347908610/local/arm-gnu-toolchain-13.3.rel1-x86_64-arm-none-eabi/bin/../lib/gcc/arm-none-eabi/13.3.1/../../../../arm-none-eabi/lib/thumb/v7e-m/nofp/libc_nano.a(libc_a-memcpy-stub.o)

Memory Configuration

Name             Origin             Length             Attributes
FLASH            0x08000000         0x00010000         xr
RAM              0x20000000         0x00005000         xrw
*default*        0x00000000         0xffffffff

Linker script and memory map

LOAD /tmp/ccwkfC8J.o
LOAD /home/a347908610/local/arm-gnu-toolchain-13.3.rel1-x86_64-arm-none-eabi/bin/../lib/gcc/arm-none-eabi/13.3.1/../../../../arm-none-eabi/lib/thumb/v7e-m/nofp/libc_nano.a
LOAD /home/a347908610/local/arm-gnu-toolchain-13.3.rel1-x86_64-arm-none-eabi/bin/../lib/gcc/arm-none-eabi/13.3.1/thumb/v7e-m/nofp/libgcc.a
START GROUP
LOAD /home/a347908610/local/arm-gnu-toolchain-13.3.rel1-x86_64-arm-none-eabi/bin/../lib/gcc/arm-none-eabi/13.3.1/thumb/v7e-m/nofp/libgcc.a
LOAD /home/a347908610/local/arm-gnu-toolchain-13.3.rel1-x86_64-arm-none-eabi/bin/../lib/gcc/arm-none-eabi/13.3.1/../../../../arm-none-eabi/lib/thumb/v7e-m/nofp/libg_nano.a
LOAD /home/a347908610/local/arm-gnu-toolchain-13.3.rel1-x86_64-arm-none-eabi/bin/../lib/gcc/arm-none-eabi/13.3.1/../../../../arm-none-eabi/lib/thumb/v7e-m/nofp/libc_nano.a
END GROUP
START GROUP
LOAD /home/a347908610/local/arm-gnu-toolchain-13.3.rel1-x86_64-arm-none-eabi/bin/../lib/gcc/arm-none-eabi/13.3.1/thumb/v7e-m/nofp/libgcc.a
LOAD /home/a347908610/local/arm-gnu-toolchain-13.3.rel1-x86_64-arm-none-eabi/bin/../lib/gcc/arm-none-eabi/13.3.1/../../../../arm-none-eabi/lib/thumb/v7e-m/nofp/libc_nano.a
LOAD /home/a347908610/local/arm-gnu-toolchain-13.3.rel1-x86_64-arm-none-eabi/bin/../lib/gcc/arm-none-eabi/13.3.1/../../../../arm-none-eabi/lib/thumb/v7e-m/nofp/libnosys.a
END GROUP
START GROUP
LOAD /home/a347908610/local/arm-gnu-toolchain-13.3.rel1-x86_64-arm-none-eabi/bin/../lib/gcc/arm-none-eabi/13.3.1/thumb/v7e-m/nofp/libgcc.a
LOAD /home/a347908610/local/arm-gnu-toolchain-13.3.rel1-x86_64-arm-none-eabi/bin/../lib/gcc/arm-none-eabi/13.3.1/../../../../arm-none-eabi/lib/thumb/v7e-m/nofp/libc_nano.a
LOAD /home/a347908610/local/arm-gnu-toolchain-13.3.rel1-x86_64-arm-none-eabi/bin/../lib/gcc/arm-none-eabi/13.3.1/../../../../arm-none-eabi/lib/thumb/v7e-m/nofp/libnosys.a
END GROUP
                0x20005000                        _estack = (ORIGIN (RAM) + LENGTH (RAM))

.isr_vector     0x08000000       0x40
 *(.isr_vector)
 .isr_vector    0x08000000       0x40 /tmp/ccwkfC8J.o
                0x08000000                vector_table

.text           0x08000040       0x7c
 *(.text*)
 .text.Default_Handler
                0x08000040        0x2 /tmp/ccwkfC8J.o
                0x08000040                Default_Handler
 .text.spi_read_byte
                0x08000042       0x1a /tmp/ccwkfC8J.o
                0x08000042                spi_read_byte
 .text.do_copy  0x0800005c       0x14 /tmp/ccwkfC8J.o
                0x0800005c                do_copy
 .text.parse_packet
                0x08000070       0x28 /tmp/ccwkfC8J.o
                0x08000070                parse_packet
 .text.Reset_Handler
                0x08000098        0x8 /tmp/ccwkfC8J.o
                0x08000098                Reset_Handler
 .text.memcpy   0x080000a0       0x1c /home/a347908610/local/arm-gnu-toolchain-13.3.rel1-x86_64-arm-none-eabi/bin/../lib/gcc/arm-none-eabi/13.3.1/../../../../arm-none-eabi/lib/thumb/v7e-m/nofp/libc_nano.a(libc_a-memcpy-stub.o)
                0x080000a0                memcpy
 *(.rodata*)

.glue_7         0x080000bc        0x0
 .glue_7        0x080000bc        0x0 linker stubs

.glue_7t        0x080000bc        0x0
 .glue_7t       0x080000bc        0x0 linker stubs

.vfp11_veneer   0x080000bc        0x0
 .vfp11_veneer  0x080000bc        0x0 linker stubs

.v4_bx          0x080000bc        0x0
 .v4_bx         0x080000bc        0x0 linker stubs

.iplt           0x080000bc        0x0
 .iplt          0x080000bc        0x0 /tmp/ccwkfC8J.o

.rel.dyn        0x080000bc        0x0
 .rel.iplt      0x080000bc        0x0 /tmp/ccwkfC8J.o

.ARM.extab
 *(.ARM.extab*)

.ARM.exidx
 *(.ARM.exidx*)
                0x080000bc                        _sidata = .

.data           0x20000000        0x0 load address 0x080000bc
                0x20000000                        _sdata = .
 *(.data*)
                0x20000000                        _edata = .

.igot.plt       0x20000000        0x0
 .igot.plt      0x20000000        0x0 /tmp/ccwkfC8J.o

.bss            0x20000000      0x100
                0x20000000                        _sbss = .
 *(.bss*)
 .bss.g_staging
                0x20000000      0x100 /tmp/ccwkfC8J.o
                0x20000000                g_staging
 *(COMMON)
                0x20000100                        _ebss = .
                0x20005000                        PROVIDE (__stack_top__ = _estack)
                [!provide]                        PROVIDE (end = _ebss)
                [!provide]                        PROVIDE (_end = _ebss)
OUTPUT(t0_indirect_memcpy.elf elf32-littlearm)
LOAD linker stubs

.debug_info     0x00000000      0x335
 .debug_info    0x00000000      0x335 /tmp/ccwkfC8J.o

.debug_abbrev   0x00000000      0x215
 .debug_abbrev  0x00000000      0x215 /tmp/ccwkfC8J.o

.debug_loc      0x00000000      0x111
 .debug_loc     0x00000000      0x111 /tmp/ccwkfC8J.o

.debug_aranges  0x00000000       0x50
 .debug_aranges
                0x00000000       0x50 /tmp/ccwkfC8J.o

.debug_ranges   0x00000000       0x40
 .debug_ranges  0x00000000       0x40 /tmp/ccwkfC8J.o

.debug_line     0x00000000      0x342
 .debug_line    0x00000000      0x342 /tmp/ccwkfC8J.o

.debug_str      0x00000000      0x1ea
 .debug_str     0x00000000      0x1ea /tmp/ccwkfC8J.o
                                0x234 (size before relaxing)

.comment        0x00000000       0x45
 .comment       0x00000000       0x45 /tmp/ccwkfC8J.o
                                 0x46 (size before relaxing)

.ARM.attributes
                0x00000000       0x2e
 .ARM.attributes
                0x00000000       0x2e /tmp/ccwkfC8J.o
 .ARM.attributes
                0x0000002e       0x2e /home/a347908610/local/arm-gnu-toolchain-13.3.rel1-x86_64-arm-none-eabi/bin/../lib/gcc/arm-none-eabi/13.3.1/../../../../arm-none-eabi/lib/thumb/v7e-m/nofp/libc_nano.a(libc_a-memcpy-stub.o)

.debug_frame    0x00000000       0xd8
 .debug_frame   0x00000000       0xb0 /tmp/ccwkfC8J.o
 .debug_frame   0x000000b0       0x28 /home/a347908610/local/arm-gnu-toolchain-13.3.rel1-x86_64-arm-none-eabi/bin/../lib/gcc/arm-none-eabi/13.3.1/../../../../arm-none-eabi/lib/thumb/v7e-m/nofp/libc_nano.a(libc_a-memcpy-stub.o)
