Archive member included to satisfy reference by file (symbol)

/home/a347908610/local/arm-gnu-toolchain-13.3.rel1-x86_64-arm-none-eabi/bin/../lib/gcc/arm-none-eabi/13.3.1/../../../../arm-none-eabi/lib/thumb/v7e-m/nofp/libc_nano.a(libc_a-memmove.o)
                              /tmp/ccjBjxBk.o (memmove)

Discarded input sections

 .text          0x00000000        0x0 /tmp/ccjBjxBk.o
 .data          0x00000000        0x0 /tmp/ccjBjxBk.o
 .bss           0x00000000        0x0 /tmp/ccjBjxBk.o
 .text          0x00000000        0x0 /home/a347908610/local/arm-gnu-toolchain-13.3.rel1-x86_64-arm-none-eabi/bin/../lib/gcc/arm-none-eabi/13.3.1/../../../../arm-none-eabi/lib/thumb/v7e-m/nofp/libc_nano.a(libc_a-memmove.o)
 .data          0x00000000        0x0 /home/a347908610/local/arm-gnu-toolchain-13.3.rel1-x86_64-arm-none-eabi/bin/../lib/gcc/arm-none-eabi/13.3.1/../../../../arm-none-eabi/lib/thumb/v7e-m/nofp/libc_nano.a(libc_a-memmove.o)
 .bss           0x00000000        0x0 /home/a347908610/local/arm-gnu-toolchain-13.3.rel1-x86_64-arm-none-eabi/bin/../lib/gcc/arm-none-eabi/13.3.1/../../../../arm-none-eabi/lib/thumb/v7e-m/nofp/libc_nano.a(libc_a-memmove.o)

Memory Configuration

Name             Origin             Length             Attributes
FLASH            0x08000000         0x00010000         xr
RAM              0x20000000         0x00005000         xrw
*default*        0x00000000         0xffffffff

Linker script and memory map

LOAD /tmp/ccjBjxBk.o
LOAD /home/a347908610/local/arm-gnu-toolchain-13.3.rel1-x86_64-arm-none-eabi/bin/../lib/gcc/arm-none-eabi/13.3.1/../../../../arm-none-eabi/lib/thumb/v7e-m/nofp/libc_nano.a
LOAD /home/a347908610/local/arm-gnu-toolchain-13.3.rel1-x86_64-arm-none-eabi/bin/../lib/gcc/arm-none-eabi/13.3.1/thumb/v7e-m/nofp/libgcc.a
START GROUP
LOAD /home/a347908610/local/arm-gnu-toolchain-13.3.rel1-x86_64-arm-none-eabi/bin/../lib/gcc/arm-none-eabi/13.3.1/thumb/v7e-m/nofp/libgcc.a
LOAD /home/a347908610/local/arm-gnu-toolchain-13.3.rel1-x86_64-arm-none-eabi/bin/../lib/gcc/arm-none-eabi/13.3.1/../../../../arm-none-eabi/lib/thumb/v7e-m/nofp/libg_nano.a
LOAD /home/a347908610/local/arm-gnu-toolchain-13.3.rel1-x86_64-arm-none-eabi/bin/../lib/gcc/arm-none-eabi/13.3.1/../../../../arm-none-eabi/lib/thumb/v7e-m/nofp/libc_nano.a
END GROUP
START GROUP
LOAD /home/a347908610/local/arm-gnu-toolchain-13.3.rel1-x86_64-arm-none-eabi/bin/../lib/gcc/arm-none-eabi/13.3.1/thumb/v7e-m/nofp/libgcc.a
LOAD /home/a347908610/local/arm-gnu-toolchain-13.3.rel1-x86_64-arm-none-eabi/bin/../lib/gcc/arm-none-eabi/13.3.1/../../../../arm-none-eabi/lib/thumb/v7e-m/nofp/libc_nano.a
LOAD /home/a347908610/local/arm-gnu-toolchain-13.3.rel1-x86_64-arm-none-eabi/bin/../lib/gcc/arm-none-eabi/13.3.1/../../../../arm-none-eabi/lib/thumb/v7e-m/nofp/libnosys.a
END GROUP
START GROUP
LOAD /home/a347908610/local/arm-gnu-toolchain-13.3.rel1-x86_64-arm-none-eabi/bin/../lib/gcc/arm-none-eabi/13.3.1/thumb/v7e-m/nofp/libgcc.a
LOAD /home/a347908610/local/arm-gnu-toolchain-13.3.rel1-x86_64-arm-none-eabi/bin/../lib/gcc/arm-none-eabi/13.3.1/../../../../arm-none-eabi/lib/thumb/v7e-m/nofp/libc_nano.a
LOAD /home/a347908610/local/arm-gnu-toolchain-13.3.rel1-x86_64-arm-none-eabi/bin/../lib/gcc/arm-none-eabi/13.3.1/../../../../arm-none-eabi/lib/thumb/v7e-m/nofp/libnosys.a
END GROUP
                0x20005000                        _estack = (ORIGIN (RAM) + LENGTH (RAM))

.isr_vector     0x08000000       0x40
 *(.isr_vector)
 .isr_vector    0x08000000       0x40 /tmp/ccjBjxBk.o
                0x08000000                vector_table

.text           0x08000040       0x88
 *(.text*)
 .text.Default_Handler
                0x08000040        0x2 /tmp/ccjBjxBk.o
                0x08000040                Default_Handler
 .text.copy_handler
                0x08000042        0xe /tmp/ccjBjxBk.o
                0x08000042                copy_handler
 .text.main     0x08000050       0x3c /tmp/ccjBjxBk.o
                0x08000050                main
 .text.Reset_Handler
                0x0800008c        0x8 /tmp/ccjBjxBk.o
                0x0800008c                Reset_Handler
 .text.memmove  0x08000094       0x34 /home/a347908610/local/arm-gnu-toolchain-13.3.rel1-x86_64-arm-none-eabi/bin/../lib/gcc/arm-none-eabi/13.3.1/../../../../arm-none-eabi/lib/thumb/v7e-m/nofp/libc_nano.a(libc_a-memmove.o)
                0x08000094                memmove
 *(.rodata*)

.glue_7         0x080000c8        0x0
 .glue_7        0x080000c8        0x0 linker stubs

.glue_7t        0x080000c8        0x0
 .glue_7t       0x080000c8        0x0 linker stubs

.vfp11_veneer   0x080000c8        0x0
 .vfp11_veneer  0x080000c8        0x0 linker stubs

.v4_bx          0x080000c8        0x0
 .v4_bx         0x080000c8        0x0 linker stubs

.iplt           0x080000c8        0x0
 .iplt          0x080000c8        0x0 /tmp/ccjBjxBk.o

.rel.dyn        0x080000c8        0x0
 .rel.iplt      0x080000c8        0x0 /tmp/ccjBjxBk.o

.ARM.extab
 *(.ARM.extab*)

.ARM.exidx
 *(.ARM.exidx*)
                0x080000c8                        _sidata = .

.data           0x20000000        0x0 load address 0x080000c8
                0x20000000                        _sdata = .
 *(.data*)
                0x20000000                        _edata = .

.igot.plt       0x20000000        0x0
 .igot.plt      0x20000000        0x0 /tmp/ccjBjxBk.o

.bss            0x20000000       0x74
                0x20000000                        _sbss = .
 *(.bss*)
 .bss.g_dst     0x20000000       0x14 /tmp/ccjBjxBk.o
 .bss.g_src     0x20000014       0x60 /tmp/ccjBjxBk.o
 *(COMMON)
                0x20000074                        _ebss = .
                0x20005000                        PROVIDE (__stack_top__ = _estack)
                [!provide]                        PROVIDE (end = _ebss)
                [!provide]                        PROVIDE (_end = _ebss)
OUTPUT(/home/a347908610/sourceagent/firmware/microbench_autogen/copy_variant_09.elf elf32-littlearm)
LOAD linker stubs

.debug_info     0x00000000      0x2b9
 .debug_info    0x00000000      0x2b9 /tmp/ccjBjxBk.o

.debug_abbrev   0x00000000      0x1b7
 .debug_abbrev  0x00000000      0x1b7 /tmp/ccjBjxBk.o

.debug_loc      0x00000000       0xfd
 .debug_loc     0x00000000       0xfd /tmp/ccjBjxBk.o

.debug_aranges  0x00000000       0x38
 .debug_aranges
                0x00000000       0x38 /tmp/ccjBjxBk.o

.debug_ranges   0x00000000       0x28
 .debug_ranges  0x00000000       0x28 /tmp/ccjBjxBk.o

.debug_line     0x00000000      0x304
 .debug_line    0x00000000      0x304 /tmp/ccjBjxBk.o

.debug_str      0x00000000      0x1f2
 .debug_str     0x00000000      0x1f2 /tmp/ccjBjxBk.o
                                0x23c (size before relaxing)

.comment        0x00000000       0x45
 .comment       0x00000000       0x45 /tmp/ccjBjxBk.o
                                 0x46 (size before relaxing)

.ARM.attributes
                0x00000000       0x2e
 .ARM.attributes
                0x00000000       0x2e /tmp/ccjBjxBk.o
 .ARM.attributes
                0x0000002e       0x2e /home/a347908610/local/arm-gnu-toolchain-13.3.rel1-x86_64-arm-none-eabi/bin/../lib/gcc/arm-none-eabi/13.3.1/../../../../arm-none-eabi/lib/thumb/v7e-m/nofp/libc_nano.a(libc_a-memmove.o)

.debug_frame    0x00000000       0x90
 .debug_frame   0x00000000       0x68 /tmp/ccjBjxBk.o
 .debug_frame   0x00000068       0x28 /home/a347908610/local/arm-gnu-toolchain-13.3.rel1-x86_64-arm-none-eabi/bin/../lib/gcc/arm-none-eabi/13.3.1/../../../../arm-none-eabi/lib/thumb/v7e-m/nofp/libc_nano.a(libc_a-memmove.o)
