Archive member included to satisfy reference by file (symbol)

/home/a347908610/local/arm-gnu-toolchain-13.3.rel1-x86_64-arm-none-eabi/bin/../lib/gcc/arm-none-eabi/13.3.1/../../../../arm-none-eabi/lib/thumb/v7e-m/nofp/libc_nano.a(libc_a-memset.o)
                              /tmp/ccLwDCMz.o (memset)

Discarded input sections

 .text          0x00000000        0x0 /tmp/ccLwDCMz.o
 .data          0x00000000        0x0 /tmp/ccLwDCMz.o
 .bss           0x00000000        0x0 /tmp/ccLwDCMz.o
 .text          0x00000000        0x0 /home/a347908610/local/arm-gnu-toolchain-13.3.rel1-x86_64-arm-none-eabi/bin/../lib/gcc/arm-none-eabi/13.3.1/../../../../arm-none-eabi/lib/thumb/v7e-m/nofp/libc_nano.a(libc_a-memset.o)
 .data          0x00000000        0x0 /home/a347908610/local/arm-gnu-toolchain-13.3.rel1-x86_64-arm-none-eabi/bin/../lib/gcc/arm-none-eabi/13.3.1/../../../../arm-none-eabi/lib/thumb/v7e-m/nofp/libc_nano.a(libc_a-memset.o)
 .bss           0x00000000        0x0 /home/a347908610/local/arm-gnu-toolchain-13.3.rel1-x86_64-arm-none-eabi/bin/../lib/gcc/arm-none-eabi/13.3.1/../../../../arm-none-eabi/lib/thumb/v7e-m/nofp/libc_nano.a(libc_a-memset.o)

Memory Configuration

Name             Origin             Length             Attributes
FLASH            0x08000000         0x00010000         xr
RAM              0x20000000         0x00005000         xrw
*default*        0x00000000         0xffffffff

Linker script and memory map

LOAD /tmp/ccLwDCMz.o
LOAD /home/a347908610/local/arm-gnu-toolchain-13.3.rel1-x86_64-arm-none-eabi/bin/../lib/gcc/arm-none-eabi/13.3.1/../../../../arm-none-eabi/lib/thumb/v7e-m/nofp/libc_nano.a
LOAD /home/a347908610/local/arm-gnu-toolchain-13.3.rel1-x86_64-arm-none-eabi/bin/../lib/gcc/arm-none-eabi/13.3.1/thumb/v7e-m/nofp/libgcc.a
START GROUP
LOAD /home/a347908610/local/arm-gnu-toolchain-13.3.rel1-x86_64-arm-none-eabi/bin/../lib/gcc/arm-none-eabi/13.3.1/thumb/v7e-m/nofp/libgcc.a
LOAD /home/a347908610/local/arm-gnu-toolchain-13.3.rel1-x86_64-arm-none-eabi/bin/../lib/gcc/arm-none-eabi/13.3.1/../../../../arm-none-eabi/lib/thumb/v7e-m/nofp/libg_nano.a
LOAD /home/a347908610/local/arm-gnu-toolchain-13.3.rel1-x86_64-arm-none-eabi/bin/../lib/gcc/arm-none-eabi/13.3.1/../../../../arm-none-eabi/lib/thumb/v7e-m/nofp/libc_nano.a
END GROUP
START GROUP
LOAD /home/a347908610/local/arm-gnu-toolchain-13.3.rel1-x86_64-arm-none-eabi/bin/../lib/gcc/arm-none-eabi/13.3.1/thumb/v7e-m/nofp/libgcc.a
LOAD /home/a347908610/local/arm-gnu-toolchain-13.3.rel1-x86_64-arm-none-eabi/bin/../lib/gcc/arm-none-eabi/13.3.1/../../../../arm-none-eabi/lib/thumb/v7e-m/nofp/libc_nano.a
LOAD /home/a347908610/local/arm-gnu-toolchain-13.3.rel1-x86_64-arm-none-eabi/bin/../lib/gcc/arm-none-eabi/13.3.1/../../../../arm-none-eabi/lib/thumb/v7e-m/nofp/libnosys.a
END GROUP
START GROUP
LOAD /home/a347908610/local/arm-gnu-toolchain-13.3.rel1-x86_64-arm-none-eabi/bin/../lib/gcc/arm-none-eabi/13.3.1/thumb/v7e-m/nofp/libgcc.a
LOAD /home/a347908610/local/arm-gnu-toolchain-13.3.rel1-x86_64-arm-none-eabi/bin/../lib/gcc/arm-none-eabi/13.3.1/../../../../arm-none-eabi/lib/thumb/v7e-m/nofp/libc_nano.a
LOAD /home/a347908610/local/arm-gnu-toolchain-13.3.rel1-x86_64-arm-none-eabi/bin/../lib/gcc/arm-none-eabi/13.3.1/../../../../arm-none-eabi/lib/thumb/v7e-m/nofp/libnosys.a
END GROUP
                0x20005000                        _estack = (ORIGIN (RAM) + LENGTH (RAM))

.isr_vector     0x08000000       0x40
 *(.isr_vector)
 .isr_vector    0x08000000       0x40 /tmp/ccLwDCMz.o
                0x08000000                vector_table

.text           0x08000040       0x48
 *(.text*)
 .text.Default_Handler
                0x08000040        0x2 /tmp/ccLwDCMz.o
                0x08000040                Default_Handler
 .text.clear_buffer
                0x08000042       0x12 /tmp/ccLwDCMz.o
                0x08000042                clear_buffer
 .text.main     0x08000054       0x1c /tmp/ccLwDCMz.o
                0x08000054                main
 .text.Reset_Handler
                0x08000070        0x8 /tmp/ccLwDCMz.o
                0x08000070                Reset_Handler
 .text.memset   0x08000078       0x10 /home/a347908610/local/arm-gnu-toolchain-13.3.rel1-x86_64-arm-none-eabi/bin/../lib/gcc/arm-none-eabi/13.3.1/../../../../arm-none-eabi/lib/thumb/v7e-m/nofp/libc_nano.a(libc_a-memset.o)
                0x08000078                memset
 *(.rodata*)

.glue_7         0x08000088        0x0
 .glue_7        0x08000088        0x0 linker stubs

.glue_7t        0x08000088        0x0
 .glue_7t       0x08000088        0x0 linker stubs

.vfp11_veneer   0x08000088        0x0
 .vfp11_veneer  0x08000088        0x0 linker stubs

.v4_bx          0x08000088        0x0
 .v4_bx         0x08000088        0x0 linker stubs

.iplt           0x08000088        0x0
 .iplt          0x08000088        0x0 /tmp/ccLwDCMz.o

.rel.dyn        0x08000088        0x0
 .rel.iplt      0x08000088        0x0 /tmp/ccLwDCMz.o

.ARM.extab
 *(.ARM.extab*)

.ARM.exidx
 *(.ARM.exidx*)
                0x08000088                        _sidata = .

.data           0x20000000        0x0 load address 0x08000088
                0x20000000                        _sdata = .
 *(.data*)
                0x20000000                        _edata = .

.igot.plt       0x20000000        0x0
 .igot.plt      0x20000000        0x0 /tmp/ccLwDCMz.o

.bss            0x20000000       0x30
                0x20000000                        _sbss = .
 *(.bss*)
 .bss.g_buf     0x20000000       0x30 /tmp/ccLwDCMz.o
 *(COMMON)
                0x20000030                        _ebss = .
                0x20005000                        PROVIDE (__stack_top__ = _estack)
                [!provide]                        PROVIDE (end = _ebss)
                [!provide]                        PROVIDE (_end = _ebss)
OUTPUT(/home/a347908610/sourceagent/firmware/microbench_autogen/memset_variant_10.elf elf32-littlearm)
LOAD linker stubs

.debug_info     0x00000000      0x20c
 .debug_info    0x00000000      0x20c /tmp/ccLwDCMz.o

.debug_abbrev   0x00000000      0x190
 .debug_abbrev  0x00000000      0x190 /tmp/ccLwDCMz.o

.debug_loc      0x00000000       0xb7
 .debug_loc     0x00000000       0xb7 /tmp/ccLwDCMz.o

.debug_aranges  0x00000000       0x38
 .debug_aranges
                0x00000000       0x38 /tmp/ccLwDCMz.o

.debug_ranges   0x00000000       0x28
 .debug_ranges  0x00000000       0x28 /tmp/ccLwDCMz.o

.debug_line     0x00000000      0x2ce
 .debug_line    0x00000000      0x2ce /tmp/ccLwDCMz.o

.debug_str      0x00000000      0x1e6
 .debug_str     0x00000000      0x1e6 /tmp/ccLwDCMz.o
                                0x230 (size before relaxing)

.comment        0x00000000       0x45
 .comment       0x00000000       0x45 /tmp/ccLwDCMz.o
                                 0x46 (size before relaxing)

.ARM.attributes
                0x00000000       0x2e
 .ARM.attributes
                0x00000000       0x2e /tmp/ccLwDCMz.o
 .ARM.attributes
                0x0000002e       0x2e /home/a347908610/local/arm-gnu-toolchain-13.3.rel1-x86_64-arm-none-eabi/bin/../lib/gcc/arm-none-eabi/13.3.1/../../../../arm-none-eabi/lib/thumb/v7e-m/nofp/libc_nano.a(libc_a-memset.o)

.debug_frame    0x00000000       0x88
 .debug_frame   0x00000000       0x68 /tmp/ccLwDCMz.o
 .debug_frame   0x00000068       0x20 /home/a347908610/local/arm-gnu-toolchain-13.3.rel1-x86_64-arm-none-eabi/bin/../lib/gcc/arm-none-eabi/13.3.1/../../../../arm-none-eabi/lib/thumb/v7e-m/nofp/libc_nano.a(libc_a-memset.o)
