
Discarded input sections

 .text          0x00000000        0x0 /tmp/ccPwjQKr.o
 .data          0x00000000        0x0 /tmp/ccPwjQKr.o
 .bss           0x00000000        0x0 /tmp/ccPwjQKr.o

Memory Configuration

Name             Origin             Length             Attributes
FLASH            0x08000000         0x00010000         xr
RAM              0x20000000         0x00005000         xrw
*default*        0x00000000         0xffffffff

Linker script and memory map

LOAD /tmp/ccPwjQKr.o
LOAD /home/a347908610/local/arm-gnu-toolchain-13.3.rel1-x86_64-arm-none-eabi/bin/../lib/gcc/arm-none-eabi/13.3.1/../../../../arm-none-eabi/lib/thumb/v7e-m/nofp/libc_nano.a
LOAD /home/a347908610/local/arm-gnu-toolchain-13.3.rel1-x86_64-arm-none-eabi/bin/../lib/gcc/arm-none-eabi/13.3.1/thumb/v7e-m/nofp/libgcc.a
START GROUP
LOAD /home/a347908610/local/arm-gnu-toolchain-13.3.rel1-x86_64-arm-none-eabi/bin/../lib/gcc/arm-none-eabi/13.3.1/thumb/v7e-m/nofp/libgcc.a
LOAD /home/a347908610/local/arm-gnu-toolchain-13.3.rel1-x86_64-arm-none-eabi/bin/../lib/gcc/arm-none-eabi/13.3.1/../../../../arm-none-eabi/lib/thumb/v7e-m/nofp/libg_nano.a
LOAD /home/a347908610/local/arm-gnu-toolchain-13.3.rel1-x86_64-arm-none-eabi/bin/../lib/gcc/arm-none-eabi/13.3.1/../../../../arm-none-eabi/lib/thumb/v7e-m/nofp/libc_nano.a
END GROUP
START GROUP
LOAD /home/a347908610/local/arm-gnu-toolchain-13.3.rel1-x86_64-arm-none-eabi/bin/../lib/gcc/arm-none-eabi/13.3.1/thumb/v7e-m/nofp/libgcc.a
LOAD /home/a347908610/local/arm-gnu-toolchain-13.3.rel1-x86_64-arm-none-eabi/bin/../lib/gcc/arm-none-eabi/13.3.1/../../../../arm-none-eabi/lib/thumb/v7e-m/nofp/libc_nano.a
LOAD /home/a347908610/local/arm-gnu-toolchain-13.3.rel1-x86_64-arm-none-eabi/bin/../lib/gcc/arm-none-eabi/13.3.1/../../../../arm-none-eabi/lib/thumb/v7e-m/nofp/libnosys.a
END GROUP
START GROUP
LOAD /home/a347908610/local/arm-gnu-toolchain-13.3.rel1-x86_64-arm-none-eabi/bin/../lib/gcc/arm-none-eabi/13.3.1/thumb/v7e-m/nofp/libgcc.a
LOAD /home/a347908610/local/arm-gnu-toolchain-13.3.rel1-x86_64-arm-none-eabi/bin/../lib/gcc/arm-none-eabi/13.3.1/../../../../arm-none-eabi/lib/thumb/v7e-m/nofp/libc_nano.a
LOAD /home/a347908610/local/arm-gnu-toolchain-13.3.rel1-x86_64-arm-none-eabi/bin/../lib/gcc/arm-none-eabi/13.3.1/../../../../arm-none-eabi/lib/thumb/v7e-m/nofp/libnosys.a
END GROUP
                0x20005000                        _estack = (ORIGIN (RAM) + LENGTH (RAM))

.isr_vector     0x08000000       0x40
 *(.isr_vector)
 .isr_vector    0x08000000       0x40 /tmp/ccPwjQKr.o
                0x08000000                vector_table

.text           0x08000040       0x58
 *(.text*)
 .text.Default_Handler
                0x08000040        0x2 /tmp/ccPwjQKr.o
                0x08000040                Default_Handler
 .text.write_register
                0x08000042        0x4 /tmp/ccPwjQKr.o
                0x08000042                write_register
 *fill*         0x08000046        0x2 
 .text.main     0x08000048       0x3c /tmp/ccPwjQKr.o
                0x08000048                main
 .text.Reset_Handler
                0x08000084        0x8 /tmp/ccPwjQKr.o
                0x08000084                Reset_Handler
 *(.rodata*)
 .rodata.g_mmio_regs
                0x0800008c        0xc /tmp/ccPwjQKr.o

.glue_7         0x08000098        0x0
 .glue_7        0x08000098        0x0 linker stubs

.glue_7t        0x08000098        0x0
 .glue_7t       0x08000098        0x0 linker stubs

.vfp11_veneer   0x08000098        0x0
 .vfp11_veneer  0x08000098        0x0 linker stubs

.v4_bx          0x08000098        0x0
 .v4_bx         0x08000098        0x0 linker stubs

.iplt           0x08000098        0x0
 .iplt          0x08000098        0x0 /tmp/ccPwjQKr.o

.rel.dyn        0x08000098        0x0
 .rel.iplt      0x08000098        0x0 /tmp/ccPwjQKr.o

.ARM.extab
 *(.ARM.extab*)

.ARM.exidx
 *(.ARM.exidx*)
                0x08000098                        _sidata = .

.data           0x20000000        0x0 load address 0x08000098
                0x20000000                        _sdata = .
 *(.data*)
                0x20000000                        _edata = .

.igot.plt       0x20000000        0x0
 .igot.plt      0x20000000        0x0 /tmp/ccPwjQKr.o

.bss            0x20000000        0x0
                0x20000000                        _sbss = .
 *(.bss*)
 *(COMMON)
                0x20000000                        _ebss = .
                0x20005000                        PROVIDE (__stack_top__ = _estack)
                [!provide]                        PROVIDE (end = _ebss)
                [!provide]                        PROVIDE (_end = _ebss)
OUTPUT(/home/a347908610/sourceagent/firmware/microbench_autogen/store_variant_02.elf elf32-littlearm)
LOAD linker stubs

.debug_info     0x00000000      0x182
 .debug_info    0x00000000      0x182 /tmp/ccPwjQKr.o

.debug_abbrev   0x00000000      0x137
 .debug_abbrev  0x00000000      0x137 /tmp/ccPwjQKr.o

.debug_loc      0x00000000       0x1b
 .debug_loc     0x00000000       0x1b /tmp/ccPwjQKr.o

.debug_aranges  0x00000000       0x38
 .debug_aranges
                0x00000000       0x38 /tmp/ccPwjQKr.o

.debug_ranges   0x00000000       0x28
 .debug_ranges  0x00000000       0x28 /tmp/ccPwjQKr.o

.debug_line     0x00000000      0x1e2
 .debug_line    0x00000000      0x1e2 /tmp/ccPwjQKr.o

.debug_str      0x00000000      0x1b9
 .debug_str     0x00000000      0x1b9 /tmp/ccPwjQKr.o
                                0x1f6 (size before relaxing)

.comment        0x00000000       0x45
 .comment       0x00000000       0x45 /tmp/ccPwjQKr.o
                                 0x46 (size before relaxing)

.ARM.attributes
                0x00000000       0x2e
 .ARM.attributes
                0x00000000       0x2e /tmp/ccPwjQKr.o

.debug_frame    0x00000000       0x60
 .debug_frame   0x00000000       0x60 /tmp/ccPwjQKr.o
